$$S_re$2d_frame$2estd$2dinterce_dc3eb193:aa
$$S_re$2dpressed$2e_core:ba
G__10860_10899:mr
G__10861_10900:nr
G__14841_14899:mt
G__14843_14901:nt
G__14845_14903:ot
G__14847_14905:pt
G__14849_14907:qt
G__14851_14909:rt
G__14853_14911:st
G__14855_14913:tt
G__14857_14915:ut
G__14859_14917:vt
G__14861_14919:wt
G__14863_14921:xt
G__14865_14923:yt
G__14867_14925:zt
G__14869_14927:At
G__14871_14929:Bt
G__14873_14931:Ct
G__14875_14933:Dt
G__14877_14935:Et
G__14879_14937:Ft
G__14881_14939:Gt
G__14883_14941:Ht
G__14885_14943:It
G__14887_14945:Jt
G__14889_14947:Kt
G__14891_14949:Lt
G__14893_14951:Mt
G__14895_14953:Nt
G__14897_14955:Ot
G__15202_15207:Ou
G__15203_15208:Pu
G__15205_15210:Qu
JSCompiler_StaticMethods_assoc_BANG_:Ch
JSCompiler_StaticMethods_cljs$core$ITransientVector$_assoc_n_BANG_$arity$3:Gg
JSCompiler_StaticMethods_cljs$core$async$impl$channels$MMC$abort$arity$1:Hs
JSCompiler_StaticMethods_cljs$core$async$impl$protocols$Buffer$full_QMARK_$arity$1:ts
JSCompiler_StaticMethods_cljs$core$async$impl$protocols$ReadPort$take_BANG_$arity$2:Is
JSCompiler_StaticMethods_forceChunk:Th
JSCompiler_StaticMethods_markAsRemoved:Nq
JSCompiler_StaticMethods_re_frame$router$IEventQueue$_call_post_event_callbacks$arity$2:Zp
JSCompiler_StaticMethods_re_frame$router$IEventQueue$_fsm_trigger$arity$3:Vp
JSCompiler_StaticMethods_re_frame$router$IEventQueue$_pause$arity$2:Yp
JSCompiler_StaticMethods_re_frame$router$IEventQueue$_process_1st_event_in_queue$arity$1:Wp
JSCompiler_StaticMethods_re_frame$router$IEventQueue$_run_next_tick$arity$1:Xp
JSCompiler_StaticMethods_re_frame$router$IEventQueue$_run_queue$arity$1:Up
JSCompiler_StaticMethods_sval:Je
JSCompiler_inline_result$jscomp$113:ip
JSCompiler_prototypeAlias:b
JSCompiler_temp$jscomp$112:sq
JSCompiler_temp$jscomp$1427:uq
JSCompiler_temp$jscomp$1476:vq
L 0:a
L 1:f
L 10:v
L 11:x
L 12:z
L 13:D
L 14:F
L 15:J
L 16:S
L 17:O
L 18:Y
L 19:W
L 2:g
L 20:T
L 21:Ca
L 22:Fb
L 23:ec
L 24:fc
L 25:Sb
L 26:Oc
L 27:gc
L 28:kb
L 29:Hb
L 3:h
L 30:Td
L 31:Gd
L 32:gf
L 33:Ib
L 34:Ta
L 35:zc
L 36:Ub
L 37:Vb
L 38:Vd
L 39:Qc
L 4:k
L 40:Wd
L 41:$f
L 42:Fe
L 43:Jb
L 44:Xd
L 45:ag
L 46:th
L 47:kq
L 48:Zi
L 49:nd
L 5:l
L 50:uh
L 6:q
L 7:r
L 8:t
L 9:u
arr$jscomp$inline_781:fp
c__12519__auto___15123:Hu
c__12519__auto___15128:Iu
cljs:Ra
cljs$core:Sa
cljs$core$ArrayChunk:Le
cljs$core$ArrayNode:jh
cljs$core$ArrayNodeIterator:nh
cljs$core$ArrayNodeSeq:wh
cljs$core$Atom:zf
cljs$core$BitmapIndexedNode:fh
cljs$core$BitmapIndexedNode$EMPTY:ih
cljs$core$Box:Zg
cljs$core$ChunkBuffer:Ke
cljs$core$ChunkedCons:Ne
cljs$core$ChunkedSeq:zg
cljs$core$Cons:Ce
cljs$core$ES6EntriesIterator:Og
cljs$core$ES6Iterator:ed
cljs$core$ES6SetEntriesIterator:Pg
cljs$core$EmptyList:Ae
cljs$core$ExceptionInfo:vi
cljs$core$Fn:rb
cljs$core$HashCollisionNode:rh
cljs$core$HashMapIter:yh
cljs$core$HashSetIter:Hh
cljs$core$ICollection:xb
cljs$core$ICounted:tb
cljs$core$IDeref:$b
cljs$core$IEmptyableCollection:vb
cljs$core$IEncodeJS:qi
cljs$core$IFn:sb
cljs$core$IIndexed:zb
cljs$core$IIterable:Ic
cljs$core$IKVReduce:ic
cljs$core$IList:pc
cljs$core$ILookup:Gb
cljs$core$IMap:Nb
cljs$core$IMeta:ac
cljs$core$INIT:mf
cljs$core$INext:Eb
cljs$core$IPrintWithWriter:uc
cljs$core$IRecord:qc
cljs$core$IReduce:dc
cljs$core$IReversible:rc
cljs$core$ISeq:Bb
cljs$core$ISeqable:mc
cljs$core$ISequential:oc
cljs$core$ISet:Rb
cljs$core$ITER_SYMBOL:mb
cljs$core$IVector:Yb
cljs$core$IndexedSeq:bd
cljs$core$IndexedSeqIterator:zd
cljs$core$KeySeq:Eh
cljs$core$Keyword:A
cljs$core$LazySeq:Ie
cljs$core$List:Ld
cljs$core$List$EMPTY:dd
cljs$core$MapEntry:ng
cljs$core$MetaFn:Rd
cljs$core$NeverEquiv:Lg
cljs$core$NodeIterator:eh
cljs$core$NodeSeq:sh
cljs$core$PROTOCOL_SENTINEL:d
cljs$core$PersistentArrayMap:e
cljs$core$PersistentArrayMap$EMPTY:lf
cljs$core$PersistentArrayMap$HASHMAP_THRESHOLD:Wg
cljs$core$PersistentArrayMap$createAsIfByAssoc:Od
cljs$core$PersistentArrayMapIterator:Sg
cljs$core$PersistentArrayMapSeq:Rg
cljs$core$PersistentHashMap:zh
cljs$core$PersistentHashMap$EMPTY:Xg
cljs$core$PersistentHashMap$fromArrays:Bh
cljs$core$PersistentHashSet:Ih
cljs$core$PersistentHashSet$EMPTY:Kh
cljs$core$PersistentQueue:Jg
cljs$core$PersistentQueue$EMPTY:Kg
cljs$core$PersistentQueueIter:Hg
cljs$core$PersistentQueueSeq:Ig
cljs$core$PersistentVector:N
cljs$core$PersistentVector$EMPTY:Kd
cljs$core$PersistentVector$EMPTY_NODE:P
cljs$core$PersistentVector$fromArray:tg
cljs$core$RSeq:Ad
cljs$core$Range:Sh
cljs$core$RangeChunk:Qh
cljs$core$RangeIterator:Rh
cljs$core$RangedIterator:jg
cljs$core$Reduced:ld
cljs$core$Repeat:If
cljs$core$START:nf
cljs$core$SeqIter:of
cljs$core$StringBufferWriter:Kc
cljs$core$Subvec:Bg
cljs$core$Symbol:Zc
cljs$core$TransientArrayMap:Vg
cljs$core$TransientHashMap:Ah
cljs$core$TransientHashSet:Jh
cljs$core$TransientVector:og
cljs$core$ValSeq:Fh
cljs$core$VectorNode:Xf
cljs$core$_EQ_:G
cljs$core$_PLUS_:ve
cljs$core$_STAR_eval_STAR_:yi
cljs$core$_STAR_loaded_libs_STAR_:Za
cljs$core$_STAR_print_err_fn_STAR_:Wa
cljs$core$_STAR_print_fn_STAR_:Va
cljs$core$_STAR_print_level_STAR_:Ya
cljs$core$_STAR_print_newline_STAR_:Xa
cljs$core$_add_watch:wc
cljs$core$_as_transient:yc
cljs$core$_assoc:Lb
cljs$core$_assoc_BANG_:Cc
cljs$core$_assoc_n:Zb
cljs$core$_chunked_first:Ec
cljs$core$_chunked_rest:Fc
cljs$core$_clj__GT_js:ri
cljs$core$_conj:yb
cljs$core$_conj_BANG_:Ac
cljs$core$_count:ub
cljs$core$_deref:w
cljs$core$_disjoin:Tb
cljs$core$_dissoc:Ob
cljs$core$_drop_first:Dc
cljs$core$_empty:wb
cljs$core$_equiv:kc
cljs$core$_find:Mb
cljs$core$_first:Cb
cljs$core$_hash:lc
cljs$core$_indexOf$cljs$0core$0IFn$0_invoke$0arity$03:H
cljs$core$_iterator:Jc
cljs$core$_key:Pb
cljs$core$_kv_reduce:jc
cljs$core$_lastIndexOf$cljs$0core$0IFn$0_invoke$0arity$03:yd
cljs$core$_lookup:Kb
cljs$core$_meta:bc
cljs$core$_nth:Ab
cljs$core$_peek:Wb
cljs$core$_persistent_BANG_:Bc
cljs$core$_pop:Xb
cljs$core$_pr_writer:vc
cljs$core$_reduce:hc
cljs$core$_remove_watch:xc
cljs$core$_reset_BANG_:Gc
cljs$core$_rest:Db
cljs$core$_rseq:sc
cljs$core$_seq:nc
cljs$core$_swap_BANG_:Hc
cljs$core$_val:Qb
cljs$core$_with_meta:cc
cljs$core$_write:tc
cljs$core$aclone:nb
cljs$core$apply:Sd
cljs$core$apply$cljs$0core$0IFn$0_invoke$0arity$02:af
cljs$core$apply$cljs$0core$0IFn$0_invoke$0arity$03:bf
cljs$core$apply$cljs$0core$0IFn$0_invoke$0arity$04:cf
cljs$core$apply$cljs$0core$0IFn$0_invoke$0arity$05:df
cljs$core$apply$cljs$0core$0IFn$0_invoke$0arity$0variadic:ef
cljs$core$apply_to:Ve
cljs$core$apply_to_simple$cljs$0core$0IFn$0_invoke$0arity$03:Xe
cljs$core$apply_to_simple$cljs$0core$0IFn$0_invoke$0arity$04:Ye
cljs$core$apply_to_simple$cljs$0core$0IFn$0_invoke$0arity$05:Ze
cljs$core$apply_to_simple$cljs$0core$0IFn$0_invoke$0arity$06:$e
cljs$core$array_QMARK_:hb
cljs$core$array__GT_transient_hash_map:Yg
cljs$core$array_copy:je
cljs$core$array_for:gg
cljs$core$array_index_of:Qg
cljs$core$array_reduce$cljs$0core$0IFn$0_invoke$0arity$02:rd
cljs$core$array_reduce$cljs$0core$0IFn$0_invoke$0arity$03:sd
cljs$core$array_reduce$cljs$0core$0IFn$0_invoke$0arity$04:td
cljs$core$assoc:M
cljs$core$assoc_in:Tf
cljs$core$async:gs
cljs$core$async$chan$cljs$0core$0IFn$0_invoke$0arity$03:Ts
cljs$core$async$fhnop:Us
cljs$core$async$impl:is
cljs$core$async$impl$buffers:ps
cljs$core$async$impl$buffers$FixedBuffer:ss
cljs$core$async$impl$buffers$NO_VAL:us
cljs$core$async$impl$buffers$RingBuffer:rs
cljs$core$async$impl$buffers$acopy:qs
cljs$core$async$impl$channels:Bs
cljs$core$async$impl$channels$ManyToManyChannel:Gs
cljs$core$async$impl$channels$PutBox:Es
cljs$core$async$impl$channels$box:Ds
cljs$core$async$impl$channels$chan$cljs$0core$0IFn$0_invoke$0arity$03:Ls
cljs$core$async$impl$channels$ex_handler:Js
cljs$core$async$impl$channels$handle:Ks
cljs$core$async$impl$channels$put_active_QMARK_:Fs
cljs$core$async$impl$channels$t_cljs$0core$0async$0impl$0channels11105:Cs
cljs$core$async$impl$dispatch$process_messages:ys
cljs$core$async$impl$dispatch$queue_dispatcher:zs
cljs$core$async$impl$dispatch$queued_QMARK_:xs
cljs$core$async$impl$dispatch$run:As
cljs$core$async$impl$dispatch$running_QMARK_:ws
cljs$core$async$impl$dispatch$tasks:vs
cljs$core$async$impl$ioc_helpers:Ms
cljs$core$async$impl$ioc_helpers$fn_handler:Os
cljs$core$async$impl$ioc_helpers$process_exception:Ss
cljs$core$async$impl$ioc_helpers$return_chan:Rs
cljs$core$async$impl$ioc_helpers$run_state_machine_wrapped:Ps
cljs$core$async$impl$ioc_helpers$t_cljs$0core$0async$0impl$0ioc_helpers12466:Ns
cljs$core$async$impl$ioc_helpers$take_BANG_:Qs
cljs$core$async$impl$protocols$active_QMARK_:ls
cljs$core$async$impl$protocols$add_BANG_:os
cljs$core$async$impl$protocols$add_BANG__STAR_:ns
cljs$core$async$impl$protocols$close_BANG_:ks
cljs$core$async$impl$protocols$commit:ms
cljs$core$async$impl$protocols$put_BANG_:js
cljs$core$async$put_BANG_$cljs$0core$0IFn$0_invoke$0arity$02:Vs
cljs$core$async$t_cljs$0core$0async12580:hs
cljs$core$atom$cljs$0core$0IFn$0_invoke$0arity$01:Af
cljs$core$bit_count:ze
cljs$core$boolean$0:me
cljs$core$bounded_count:Re
cljs$core$build_subvec:Cg
cljs$core$butlast:Mh
cljs$core$char_escapes:$h
cljs$core$chunk:Qe
cljs$core$chunk_append:Pe
cljs$core$chunk_buffer:Me
cljs$core$chunk_cons:Oe
cljs$core$chunked_seq:sg
cljs$core$chunked_seq$cljs$0core$0IFn$0_invoke$0arity$04:rg
cljs$core$chunked_seq$cljs$0core$0IFn$0_invoke$0arity$05:Ag
cljs$core$chunked_seq_QMARK_:ie
cljs$core$ci_reduce$cljs$0core$0IFn$0_invoke$0arity$02:pd
cljs$core$ci_reduce$cljs$0core$0IFn$0_invoke$0arity$03:qd
cljs$core$clj__GT_js:ti
cljs$core$clone_and_set$cljs$0core$0IFn$0_invoke$0arity$03:ah
cljs$core$coll_QMARK_:ce
cljs$core$complement:sf
cljs$core$concat:Te
cljs$core$conj:Jd
cljs$core$conj_BANG_:Ue
cljs$core$cons:Cd
cljs$core$constantly:tf
cljs$core$contains_QMARK_:oe
cljs$core$count:I
cljs$core$counted_QMARK_:ud
cljs$core$create_array_node_seq:ph
cljs$core$create_array_node_seq$cljs$0core$0IFn$0_invoke$0arity$01:oh
cljs$core$create_array_node_seq$cljs$0core$0IFn$0_invoke$0arity$03:xh
cljs$core$create_inode_seq:hh
cljs$core$create_inode_seq$cljs$0core$0IFn$0_invoke$0arity$01:gh
cljs$core$create_inode_seq$cljs$0core$0IFn$0_invoke$0arity$03:vh
cljs$core$create_node:lh
cljs$core$create_node$cljs$0core$0IFn$0_invoke$0arity$06:mh
cljs$core$create_node$cljs$0core$0IFn$0_invoke$0arity$07:kh
cljs$core$dec:we
cljs$core$deref:od
cljs$core$disj:ae
cljs$core$dissoc:Pd
cljs$core$do_assoc:hg
cljs$core$doall$cljs$0core$0IFn$0_invoke$0arity$01:Uh
cljs$core$drop$cljs$0core$0IFn$0_invoke$0arity$02:Ff
cljs$core$drop_last$cljs$0core$0IFn$0_invoke$0arity$02:Gf
cljs$core$edit_and_set$cljs$0core$0IFn$0_invoke$0arity$04:ch
cljs$core$empty:Md
cljs$core$empty_QMARK_:be
cljs$core$empty_ordered_hash:hd
cljs$core$empty_unordered_hash:jd
cljs$core$enable_console_print_BANG_:fb
cljs$core$equiv_map:Ng
cljs$core$equiv_sequential:Bd
cljs$core$es6_iterator:fd
cljs$core$even_QMARK_:rf
cljs$core$every_QMARK_:pf
cljs$core$ex_info$cljs$0core$0IFn$0_invoke$0arity$02:wi
cljs$core$filter$cljs$0core$0IFn$0_invoke$0arity$02:Kf
cljs$core$first:C
cljs$core$flatten:Nf
cljs$core$fn_QMARK_:Qd
cljs$core$fnil$cljs$0core$0IFn$0_invoke$0arity$02:vf
cljs$core$gensym$cljs$0core$0IFn$0_invoke$0arity$01:pi
cljs$core$gensym_counter:oi
cljs$core$get:y
cljs$core$get_in$cljs$0core$0IFn$0_invoke$0arity$02:Rf
cljs$core$get_in$cljs$0core$0IFn$0_invoke$0arity$03:Sf
cljs$core$hash:Wc
cljs$core$hash_collision_node_find_index:qh
cljs$core$hash_combine:Xc
cljs$core$hash_map:Dh
cljs$core$hash_ordered_coll:gd
cljs$core$hash_string:Vc
cljs$core$hash_unordered_coll:id
cljs$core$identity:te
cljs$core$ifn_QMARK_:ne
cljs$core$imul:Mc
cljs$core$inc:kd
cljs$core$indexed_QMARK_:vd
cljs$core$inode_kv_reduce:dh
cljs$core$instance_QMARK_:Yc
cljs$core$into:wf
cljs$core$into_array$cljs$0core$0IFn$0_invoke$0arity$02:ob
cljs$core$iter_reduce$cljs$0core$0IFn$0_invoke$0arity$02:pe
cljs$core$iter_reduce$cljs$0core$0IFn$0_invoke$0arity$03:qe
cljs$core$iterable_QMARK_:ad
cljs$core$keep$cljs$0core$0IFn$0_invoke$0arity$02:yf
cljs$core$key:wg
cljs$core$key__GT_js$cljs$0core$0IFn$0_invoke$0arity$02:si
cljs$core$key_test:$g
cljs$core$keys:Tg
cljs$core$keyword:Ge
cljs$core$keyword_identical_QMARK_:De
cljs$core$last:Id
cljs$core$lift_ns:li
cljs$core$linear_traversal_nth$cljs$0core$0IFn$0_invoke$0arity$03:Nd
cljs$core$lookup_sentinel:ke
cljs$core$m3_fmix:Rc
cljs$core$m3_hash_unencoded_chars:Sc
cljs$core$m3_mix_H1:Pc
cljs$core$m3_mix_K1:Nc
cljs$core$map:Df
cljs$core$map_QMARK_:fe
cljs$core$map_entry_QMARK_:vg
cljs$core$mapv$cljs$0core$0IFn$0_invoke$0arity$02:Of
cljs$core$mapv$cljs$0core$0IFn$0_invoke$0arity$03:Pf
cljs$core$max:xe
cljs$core$max_key:Ph
cljs$core$merge:Gh
cljs$core$meta:Yd
cljs$core$missing_protocol:jb
cljs$core$name:He
cljs$core$namespace:Ee
cljs$core$native_satisfies_QMARK_:n
cljs$core$never_equiv:Mg
cljs$core$new_path:cg
cljs$core$next:E
cljs$core$next_STAR_:We
cljs$core$nil_QMARK_:gb
cljs$core$nil_iter:jf
cljs$core$not:ib
cljs$core$not_EQ_$cljs$0core$0IFn$0_invoke$0arity$02:ff
cljs$core$not_empty:hf
cljs$core$nth:xd
cljs$core$nth$cljs$0core$0IFn$0_invoke$0arity$02:wd
cljs$core$nth$cljs$0core$0IFn$0_invoke$0arity$03:K
cljs$core$partial:uf
cljs$core$partition$cljs$0core$0IFn$0_invoke$0arity$03:Qf
cljs$core$peek:Zd
cljs$core$pop:$d
cljs$core$pop_tail:ig
cljs$core$pr_opts:$a
cljs$core$pr_sb_with_opts:hi
cljs$core$pr_sequential_writer:Wh
cljs$core$pr_str_STAR_:Lc
cljs$core$pr_str_with_opts:ii
cljs$core$pr_writer:di
cljs$core$pr_writer_impl:ci
cljs$core$prim_seq$cljs$0core$0IFn$0_invoke$0arity$02:Dd
cljs$core$print_map:ei
cljs$core$print_meta_QMARK_:bi
cljs$core$print_prefix_map:mi
cljs$core$prn$cljs$0core$0IFn$0_invoke$0arity$0variadic:ji
cljs$core$push_tail:dg
cljs$core$pv_clone_node:Zf
cljs$core$pv_fresh_node:Yf
cljs$core$pv_reduce$cljs$0core$0IFn$0_invoke$0arity$04:lg
cljs$core$pv_reduce$cljs$0core$0IFn$0_invoke$0arity$05:mg
cljs$core$quot:ye
cljs$core$quote_string:ai
cljs$core$range$cljs$0core$0IFn$0_invoke$0arity$03:Oh
cljs$core$ranged_iterator:kg
cljs$core$re_matches:Vh
cljs$core$record_QMARK_:ge
cljs$core$reduce:qb
cljs$core$reduce$cljs$0core$0IFn$0_invoke$0arity$02:re
cljs$core$reduce$cljs$0core$0IFn$0_invoke$0arity$03:pb
cljs$core$reduce_kv:se
cljs$core$reduced_QMARK_:md
cljs$core$remove$cljs$0core$0IFn$0_invoke$0arity$02:Lf
cljs$core$remove_pair:bh
cljs$core$repeat$cljs$0core$0IFn$0_invoke$0arity$02:Jf
cljs$core$reset_BANG_:Bf
cljs$core$rest:cd
cljs$core$reverse:Be
cljs$core$seq:B
cljs$core$seq_reduce:Fd
cljs$core$seq_reduce$cljs$0core$0IFn$0_invoke$0arity$02:Ed
cljs$core$seq_reduce$cljs$0core$0IFn$0_invoke$0arity$03:Hd
cljs$core$sequential_QMARK_:ee
cljs$core$set:Lh
cljs$core$set_QMARK_:de
cljs$core$some:qf
cljs$core$spread:Se
cljs$core$str:p
cljs$core$string_hash_cache:Tc
cljs$core$string_hash_cache_count:Uc
cljs$core$string_print:Zh
cljs$core$strip_ns:ki
cljs$core$subvec:Dg
cljs$core$swap_BANG_:Cf
cljs$core$symbol:$c
cljs$core$t_cljs$0core6645:Ua
cljs$core$tail_off:bg
cljs$core$take$cljs$0core$0IFn$0_invoke$0arity$02:Ef
cljs$core$take_last:Hf
cljs$core$tapset:xi
cljs$core$transduce$cljs$0core$0IFn$0_invoke$0arity$04:ue
cljs$core$tree_seq:Mf
cljs$core$true_QMARK_:le
cljs$core$truth_:m
cljs$core$tv_editable_root:pg
cljs$core$tv_editable_tail:qg
cljs$core$tv_ensure_editable:Eg
cljs$core$tv_push_tail:Fg
cljs$core$type__GT_str:lb
cljs$core$unchecked_array_for:fg
cljs$core$update$cljs$0core$0IFn$0_invoke$0arity$03:Vf
cljs$core$update$cljs$0core$0IFn$0_invoke$0arity$04:Wf
cljs$core$update_in:Uf
cljs$core$val:xg
cljs$core$vals:Ug
cljs$core$vec:ug
cljs$core$vector:yg
cljs$core$vector_QMARK_:he
cljs$core$vector_index_out_of_bounds:eg
cljs$core$with_meta:Ud
cljs$core$write_all$cljs$0core$0IFn$0_invoke$0arity$0variadic:Yh
cljs$core$zipmap:Nh
cljs$cst$keyword$_LT__DASH_:bj
cljs$cst$keyword$_LT__GT_:qj
cljs$cst$keyword$add_DASH_event:Mj
cljs$cst$keyword$add_DASH_note:vm
cljs$cst$keyword$advance_DASH_editor:jk
cljs$cst$keyword$advance_DASH_position:Lm
cljs$cst$keyword$after:Bj
cljs$cst$keyword$altKey:Pj
cljs$cst$keyword$alt_DASH_impl:fi
cljs$cst$keyword$always_DASH_listen_DASH_keys:Bi
cljs$cst$keyword$array_DASH_buffer:Qj
cljs$cst$keyword$atom:Jm
cljs$cst$keyword$audio_DASH_context:hl
cljs$cst$keyword$auto_DASH_run:Li
cljs$cst$keyword$autobind:om
cljs$cst$keyword$before:Fj
cljs$cst$keyword$buffer:Rl
cljs$cst$keyword$catch_DASH_block:jl
cljs$cst$keyword$catch_DASH_exception:hk
cljs$cst$keyword$class:fl
cljs$cst$keyword$clear_DASH_keys:qk
cljs$cst$keyword$cljsLegacyRender:ll
cljs$cst$keyword$coeffects:sl
cljs$cst$keyword$cofx:Fl
cljs$cst$keyword$componentFunction:Sk
cljs$cst$keyword$componentWillMount:Dm
cljs$cst$keyword$componentWillUnmount:Rj
cljs$cst$keyword$component_DASH_did_DASH_update:Sl
cljs$cst$keyword$component_DASH_will_DASH_unmount:pk
cljs$cst$keyword$continue_DASH_block:im
cljs$cst$keyword$ctrlKey:Am
cljs$cst$keyword$current_DASH_note:pj
cljs$cst$keyword$current_DASH_position:dk
cljs$cst$keyword$cursor:pl
cljs$cst$keyword$d:Kj
cljs$cst$keyword$db:cm
cljs$cst$keyword$db_DASH_handler:Ak
cljs$cst$keyword$debug:nk
cljs$cst$keyword$dec_DASH_tempo:Rk
cljs$cst$keyword$decoded_DASH_buffer:zm
cljs$cst$keyword$default:El
cljs$cst$keyword$deregister_DASH_event_DASH_handler:rm
cljs$cst$keyword$dispatch:kl
cljs$cst$keyword$dispatch_DASH_later:vj
cljs$cst$keyword$dispatch_DASH_n:Nl
cljs$cst$keyword$displayName:Tk
cljs$cst$keyword$display_DASH_name:ek
cljs$cst$keyword$div:ck
cljs$cst$keyword$do_DASH_fx:ak
cljs$cst$keyword$dup:db
cljs$cst$keyword$editor_DASH_beat_DASH_start:cj
cljs$cst$keyword$effects:Zj
cljs$cst$keyword$eraser_DASH_toggle:Ik
cljs$cst$keyword$eraser_QMARK_:xl
cljs$cst$keyword$error:Uj
cljs$cst$keyword$event:Yj
cljs$cst$keyword$event_DASH_keys:Hk
cljs$cst$keyword$event_DASH_type:ml
cljs$cst$keyword$exception:rj
cljs$cst$keyword$fallback_DASH_impl:gi
cljs$cst$keyword$file_DASH_upload:gm
cljs$cst$keyword$fill:xm
cljs$cst$keyword$finally_DASH_block:vk
cljs$cst$keyword$finish_DASH_run:sj
cljs$cst$keyword$flush_DASH_dom:Vl
cljs$cst$keyword$flush_DASH_on_DASH_newline:ab
cljs$cst$keyword$focused_DASH_note_DASH_pos:Ok
cljs$cst$keyword$fsm_DASH_state:Wi
cljs$cst$keyword$fx:Ml
cljs$cst$keyword$fx_DASH_handler:Jl
cljs$cst$keyword$g:Jj
cljs$cst$keyword$g_DOT_fade:tm
cljs$cst$keyword$g_DOT_staff:Ni
cljs$cst$keyword$g_SHARP_lines:Al
cljs$cst$keyword$g_SHARP_notes:Il
cljs$cst$keyword$group:uk
cljs$cst$keyword$groupEnd:Im
cljs$cst$keyword$harvest_DASH_fn:Si
cljs$cst$keyword$height:gk
cljs$cst$keyword$id:ym
cljs$cst$keyword$idle:Ai
cljs$cst$keyword$inc_DASH_tempo:Tl
cljs$cst$keyword$initialize_DASH_db:Mi
cljs$cst$keyword$instrument:U
cljs$cst$keyword$jump_BANG_:uj
cljs$cst$keyword$jump_DASH_reset:rk
cljs$cst$keyword$jumping_QMARK_:kk
cljs$cst$keyword$key:bm
cljs$cst$keyword$keyCode:vl
cljs$cst$keyword$keys:Pk
cljs$cst$keyword$keyword_DASH_fn:ui
cljs$cst$keyword$line:Ki
cljs$cst$keyword$load_DASH_castle:tk
cljs$cst$keyword$load_DASH_megaman:Fi
cljs$cst$keyword$load_DASH_samples:sm
cljs$cst$keyword$load_DASH_song:Vk
cljs$cst$keyword$load_DASH_zelda:yk
cljs$cst$keyword$log:Oi
cljs$cst$keyword$loop_DASH_end:Ri
cljs$cst$keyword$map:Uk
cljs$cst$keyword$mario_DASH_jump:Wk
cljs$cst$keyword$mario_DASH_run:Km
cljs$cst$keyword$mario_DASH_x:zl
cljs$cst$keyword$mario_DASH_y:Cl
cljs$cst$keyword$max_DASH_undos:Gm
cljs$cst$keyword$meta:cb
cljs$cst$keyword$metaKey:ok
cljs$cst$keyword$more_DASH_marker:Xh
cljs$cst$keyword$move_DASH_mario:Fm
cljs$cst$keyword$ms:Hi
cljs$cst$keyword$name:ql
cljs$cst$keyword$next_DASH_note:ik
cljs$cst$keyword$next_DASH_note_DASH_time:Bm
cljs$cst$keyword$no_DASH_cache:nj
cljs$cst$keyword$notes:Hj
cljs$cst$keyword$notes_DASH_in_DASH_queue:cl
cljs$cst$keyword$octave:Vj
cljs$cst$keyword$on_DASH_click:aj
cljs$cst$keyword$on_DASH_dispose:Pi
cljs$cst$keyword$on_DASH_mouse_DASH_out:fk
cljs$cst$keyword$on_DASH_mouse_DASH_over:Dl
cljs$cst$keyword$on_DASH_set:yl
cljs$cst$keyword$on_DASH_write:$l
cljs$cst$keyword$opacity:hj
cljs$cst$keyword$path:lj
cljs$cst$keyword$pause:sk
cljs$cst$keyword$paused:Pl
cljs$cst$keyword$pitch:Q
cljs$cst$keyword$play_DASH_note:Gk
cljs$cst$keyword$play_DASH_off:Wj
cljs$cst$keyword$play_DASH_on:Xj
cljs$cst$keyword$play_DASH_start:Gi
cljs$cst$keyword$playing_QMARK_:Bk
cljs$cst$keyword$pointer_DASH_events:Qk
cljs$cst$keyword$prev:Gl
cljs$cst$keyword$prevent_DASH_default_DASH_keys:zi
cljs$cst$keyword$print_DASH_length:eb
cljs$cst$keyword$purge_DASH_redos:Em
cljs$cst$keyword$queue:tl
cljs$cst$keyword$re_DASH_frame_DOT_std_DASH_interceptors_SLASH_not_DASH_found:nm
cljs$cst$keyword$re_DASH_frame_DOT_std_DASH_interceptors_SLASH_untrimmed_DASH_event:rl
cljs$cst$keyword$re_DASH_pressed_DOT_core_SLASH_add_DASH_keyboard_DASH_event_DASH_listener:$k
cljs$cst$keyword$re_DASH_pressed_DOT_core_SLASH_keyboard_DASH_event:$i
cljs$cst$keyword$re_DASH_pressed_DOT_core_SLASH_keydown:Ti
cljs$cst$keyword$re_DASH_pressed_DOT_core_SLASH_keypress:gj
cljs$cst$keyword$re_DASH_pressed_DOT_core_SLASH_keyup:Yk
cljs$cst$keyword$re_DASH_pressed_DOT_core_SLASH_set_DASH_keydown_DASH_rules:Xi
cljs$cst$keyword$re_DASH_pressed_DOT_core_SLASH_set_DASH_keypress_DASH_rules:Zk
cljs$cst$keyword$re_DASH_pressed_DOT_core_SLASH_set_DASH_keyup_DASH_rules:bk
cljs$cst$keyword$readably:bb
cljs$cst$keyword$reagentRender:ol
cljs$cst$keyword$reagent_DASH_render:Ej
cljs$cst$keyword$rect:Mk
cljs$cst$keyword$rect_SHARP_editorframe:Aj
cljs$cst$keyword$recur:dj
cljs$cst$keyword$redo:Nk
cljs$cst$keyword$redo_DASH_explanations:wl
cljs$cst$keyword$redos_QMARK_:il
cljs$cst$keyword$reinstate_DASH_fn:Cj
cljs$cst$keyword$remove_DASH_note:Ul
cljs$cst$keyword$render:Ii
cljs$cst$keyword$repeat_DASH_toggle:am
cljs$cst$keyword$repeat_QMARK_:Ui
cljs$cst$keyword$reset_DASH_editor:al
cljs$cst$keyword$reset_DASH_position:fm
cljs$cst$keyword$resume:lk
cljs$cst$keyword$retract_DASH_editor:Dk
cljs$cst$keyword$run_DASH_queue:Cm
cljs$cst$keyword$running:el
cljs$cst$keyword$samples:yj
cljs$cst$keyword$scale:Sj
cljs$cst$keyword$schedule_DASH_note:km
cljs$cst$keyword$scheduled:Tj
cljs$cst$keyword$select_DASH_instrument:Hm
cljs$cst$keyword$sequential:Ll
cljs$cst$keyword$set:Lj
cljs$cst$keyword$set_DASH_key:Qi
cljs$cst$keyword$set_DASH_loop_DASH_end:Dj
cljs$cst$keyword$set_DASH_notes:Hl
cljs$cst$keyword$set_DASH_tempo:Kl
cljs$cst$keyword$set_DASH_time_DASH_signature:gl
cljs$cst$keyword$shape_DASH_rendering:jj
cljs$cst$keyword$sharp_DASH_off:kj
cljs$cst$keyword$sharp_DASH_on:jm
cljs$cst$keyword$sharp_DASH_toggle:Lk
cljs$cst$keyword$sharp_QMARK_:mm
cljs$cst$keyword$shiftKey:mj
cljs$cst$keyword$shouldComponentUpdate:wm
cljs$cst$keyword$sound:Ij
cljs$cst$keyword$stack:nl
cljs$cst$keyword$stop:Ji
cljs$cst$keyword$stroke:Jk
cljs$cst$keyword$stroke_DASH_dasharray:Di
cljs$cst$keyword$stroke_DASH_dashoffset:dm
cljs$cst$keyword$stroke_DASH_linecap:Wl
cljs$cst$keyword$stroke_DASH_linejoin:Bl
cljs$cst$keyword$stroke_DASH_width:Vi
cljs$cst$keyword$style:Ck
cljs$cst$keyword$sub:Xl
cljs$cst$keyword$submit_DASH_xml:zj
cljs$cst$keyword$svg:em
cljs$cst$keyword$tempo:Zl
cljs$cst$keyword$tick_BANG_:Yl
cljs$cst$keyword$time:R
cljs$cst$keyword$time_DASH_signature:fj
cljs$cst$keyword$timer:hm
cljs$cst$keyword$transform:Yi
cljs$cst$keyword$trigger:Gj
cljs$cst$keyword$trim_DASH_v:Ol
cljs$cst$keyword$undo:Ql
cljs$cst$keyword$undo_DASH_explanations:dl
cljs$cst$keyword$undoable:xk
cljs$cst$keyword$undos_QMARK_:ij
cljs$cst$keyword$unnamed:wk
cljs$cst$keyword$update_DASH_focus_DASH_note:oj
cljs$cst$keyword$url:Xk
cljs$cst$keyword$val:ni
cljs$cst$keyword$validator:lm
cljs$cst$keyword$view_DASH_box:bl
cljs$cst$keyword$visibility:pm
cljs$cst$keyword$warn:ul
cljs$cst$keyword$width:mk
cljs$cst$keyword$x:Oj
cljs$cst$keyword$x1:xj
cljs$cst$keyword$x2:wj
cljs$cst$keyword$xml:tj
cljs$cst$keyword$y:Nj
cljs$cst$keyword$y1:Fk
cljs$cst$keyword$y2:Ek
cljs$cst$keyword$yield:qm
cljs$cst$symbol$blockable:um
cljs$cst$symbol$f:zk
cljs$cst$symbol$meta11106:ej
cljs$cst$symbol$meta12467:Ci
cljs$cst$symbol$meta12581:Ei
cljs$cst$symbol$meta6646:kf
cljs$cst$symbol$val:Kk
clojure$data$atom_diff:eq
clojure$data$diff:hq
clojure$data$diff_associative:iq
clojure$data$diff_associative_key:gq
clojure$data$diff_sequential:jq
clojure$data$diff_set:lq
clojure$data$diff_similar:nq
clojure$data$equality_partition:mq
clojure$data$vectorize:fq
clojure$set$bubble_max_key:qn
clojure$set$difference:tn
clojure$set$intersection:sn
clojure$set$union$cljs$0core$0IFn$0_invoke$0arity$02:rn
clojure$string$join$cljs$0core$0IFn$0_invoke$0arity$02:Um
clojure$string$replace:Tm
clojure$string$replace_all:Rm
clojure$string$replace_with:Sm
day8$re_frame$undo$app_explain:rr
day8$re_frame$undo$config:or
day8$re_frame$undo$redo:wr
day8$re_frame$undo$redo_explain_list:tr
day8$re_frame$undo$redo_list:qr
day8$re_frame$undo$store_now_BANG_:ur
day8$re_frame$undo$undo:vr
day8$re_frame$undo$undo_explain_list:sr
day8$re_frame$undo$undo_list:pr
day8$re_frame$undo$undoable$cljs$0core$0IFn$0_invoke$0arity$01:xr
docMode$jscomp$inline_782:gp
goog$UID_PROPERTY_:ja
goog$array$indexOf:qa
goog$array$toArray:ra
goog$async$nextTick:kp
goog$bind:na
goog$bindJs_:ma
goog$bindNative_:la
goog$dom$createElement_:jp
goog$dom$safe$setIframeSrc:Pa
goog$events$BrowserEvent:Iq
goog$events$BrowserEvent$IE_POINTER_TYPE_MAP:Jq
goog$events$BrowserFeature$HAS_W3C_EVENT_SUPPORT:tq
goog$events$BrowserFeature$PASSIVE_EVENTS:Gq
goog$events$BrowserFeature$SET_KEY_CODE_TO_PREVENT_DEFAULT:Fq
goog$events$Event:Hq
goog$events$LISTENER_MAP_PROP_:Qq
goog$events$LISTENER_WRAPPER_PROP_:cr
goog$events$Listenable$IMPLEMENTED_BY_PROP:Kq
goog$events$ListenableKey$counter_:Lq
goog$events$Listener:Mq
goog$events$ListenerMap:Oq
goog$events$ListenerMap$findListenerIndex_:Pq
goog$events$fireListener:br
goog$events$fireListeners_:ar
goog$events$getListenerMap_:Xq
goog$events$getOnString_:Zq
goog$events$getProxy:Yq
goog$events$handleBrowserEvent_:$q
goog$events$listen:Tq
goog$events$listenOnce:Uq
goog$events$listen_:Wq
goog$events$listenerCountEstimate_:Sq
goog$events$onStringMap_:Rq
goog$events$wrapListener:Vq
goog$exportPath_:da
goog$getUid:ia
goog$global:ca
goog$html$SafeHtml:La
goog$html$SafeHtml$EMPTY:Oa
goog$html$SafeHtml$TYPE_MARKER_GOOG_HTML_SECURITY_PRIVATE_:Ma
goog$html$SafeHtml$unwrapTrustedHTML:Na
goog$html$SafeScript:xa
goog$html$SafeStyle:Ga
goog$html$SafeStyleSheet:Ha
goog$html$TrustedResourceUrl:ya
goog$html$TrustedResourceUrl$CONSTRUCTOR_TOKEN_PRIVATE_:za
goog$html$TrustedResourceUrl$TYPE_MARKER_GOOG_HTML_SECURITY_PRIVATE_:Aa
goog$inherits:oa
goog$isFunction:fa
goog$isObject:ha
goog$labs$userAgent$platform$isIphone:Wo
goog$labs$userAgent$util$matchUserAgent:Ka
goog$labs$userAgent$util$userAgent_:Ea
goog$nullFunction:ea
goog$object$getKeys:sa
goog$reflect$sinkValue:pa
goog$string$Const:ta
goog$string$Const$EMPTY:wa
goog$string$Const$GOOG_STRING_CONSTRUCTOR_TOKEN_PRIVATE_:ua
goog$string$Const$TYPE_MARKER_:va
goog$string$StringBuffer:Qa
goog$string$internal$caseInsensitiveContains:Da
goog$string$internal$compareElements_:Fa
goog$string$internal$trim:Ba
goog$typeOf:c
goog$uidCounter_:ka
goog$userAgent$EDGE:Zo
goog$userAgent$GECKO:$o
goog$userAgent$IE:Yo
goog$userAgent$OPERA:Xo
goog$userAgent$VERSION:dp
goog$userAgent$WEBKIT:ap
goog$userAgent$getDocumentMode_:cp
goog$userAgent$isVersionOrHigherCache_:hp
mecca:yr
mecca$castle$brick_face:Yt
mecca$castle$brick_row:St
mecca$castle$brick_row_pair:Ut
mecca$castle$castle_arch:Vt
mecca$castle$castle_door:Wt
mecca$castle$castle_roof:Xt
mecca$castle$mortar_columns:Tt
mecca$castle$mortar_row:Rt
mecca$core$start:Ru
mecca$editor$advance_cue_end:ku
mecca$editor$advance_cue_measure:ju
mecca$editor$advance_editor:uu
mecca$editor$advance_end:vu
mecca$editor$advance_measure:tu
mecca$editor$block:Bu
mecca$editor$current_note_display:Au
mecca$editor$eraser:mu
mecca$editor$eraser_cursor:lu
mecca$editor$ghost:qu
mecca$editor$megaman:su
mecca$editor$note_blocks:Cu
mecca$editor$redo_rabbit:pu
mecca$editor$repeat_button:nu
mecca$editor$repeat_sign:yu
mecca$editor$retract_editor:wu
mecca$editor$scroll_cue_left:hu
mecca$editor$scroll_cue_right:iu
mecca$editor$sharp_button:xu
mecca$editor$svg_paths$cljs$0core$0IFn$0_invoke$0arity$04:fu
mecca$editor$svg_paths$cljs$0core$0IFn$0_invoke$0arity$05:gu
mecca$editor$toolbar:zu
mecca$editor$undo_dog:ou
mecca$editor$zelda:ru
mecca$mario$boat:Tr
mecca$mario$car:Ur
mecca$mario$cloud:Er
mecca$mario$color_paths$cljs$0core$0IFn$0_invoke$0arity$05:Hr
mecca$mario$dog:Nr
mecca$mario$face:Rr
mecca$mario$floor_tile:Wr
mecca$mario$flower:Lr
mecca$mario$gb:Mr
mecca$mario$heart:Vr
mecca$mario$hill:Dr
mecca$mario$kitty:Or
mecca$mario$mario_icon:Fr
mecca$mario$mario_note:Gr
mecca$mario$mario_sm:Br
mecca$mario$pig:Pr
mecca$mario$plane:Sr
mecca$mario$shroom:Ir
mecca$mario$star:Kr
mecca$mario$svg_paths$cljs$0core$0IFn$0_invoke$0arity$04:zr
mecca$mario$svg_paths$cljs$0core$0IFn$0_invoke$0arity$05:Ar
mecca$mario$swan:Qr
mecca$mario$tile:Cr
mecca$mario$yoshi:Jr
mecca$music:Ws
mecca$music$add_semitone:ft
mecca$music$decode:bt
mecca$music$dispatch_timer_event:Zs
mecca$music$do_timer:$s
mecca$music$get_and_decode:ct
mecca$music$load_samples:dt
mecca$music$load_sound:at
mecca$music$loading_samples:et
mecca$music$mario_jump:Xs
mecca$music$mario_move:Ys
mecca$music$pitch__GT_rate:ht
mecca$music$play_at:kt
mecca$music$play_note:it
mecca$music$play_sample:jt
mecca$music$play_song_BANG_:lt
mecca$music$sub_semitone:gt
mecca$notation$staff_lines:Qt
mecca$notation$treble_clef:Pt
mecca$songs$city$city:fs
mecca$songs$megaman$bass_triad:Xr
mecca$songs$megaman$mm1:Yr
mecca$songs$zelda$bass_ostinato:$r
mecca$songs$zelda$bass_triad:Zr
mecca$songs$zelda$boat:as
mecca$songs$zelda$iter__11085:cs
mecca$songs$zelda$iter__11089:ds
mecca$songs$zelda$shroom:bs
mecca$songs$zelda$zelda:es
mecca$transport$play_button:du
mecca$transport$stop_button:cu
mecca$transport$svg_paths$cljs$0core$0IFn$0_invoke$0arity$05:Zt
mecca$transport$tempo_down:bu
mecca$transport$tempo_slider:$t
mecca$transport$tempo_up:au
mecca$transport$transport:eu
mecca$upload$extract_result:Eu
mecca$upload$file_reads:Gu
mecca$upload$first_file:Du
mecca$upload$upload_reqs:Fu
mecca$view$editor:Nu
mecca$view$mecca:Uo
mecca$view$note_cursor:Lu
mecca$view$note_guides:Ju
mecca$view$note_targets:Ku
mecca$view$score_notes:Mu
module$node_modules$create_react_class$index:fn
module$node_modules$react$index:Qm
module$node_modules$react_dom$index:No
navigator$jscomp$inline_151:Ia
navigator$jscomp$inline_778:bp
order$jscomp$inline_1478:wq
re_frame:lp
re_frame$cofx$inject_db:dq
re_frame$core$reg_event_db:qq
re_frame$core$reg_event_fx$cljs$0core$0IFn$0_invoke$0arity$02:rq
re_frame$db$app_db:qp
re_frame$events$_STAR_handling_STAR_:Kp
re_frame$events$handle:Lp
re_frame$fx$do_fx:cq
re_frame$fx$reg_fx:bq
re_frame$interceptor$__GT_interceptor:Dp
re_frame$interceptor$__GT_interceptor$cljs$0core$0IFn$0_invoke$0arity$0variadic:Ep
re_frame$interceptor$get_coeffect:Hp
re_frame$interceptor$get_coeffect$cljs$0core$0IFn$0_invoke$0arity$02:Ip
re_frame$interceptor$get_effect:Fp
re_frame$interceptor$get_effect$cljs$0core$0IFn$0_invoke$0arity$02:Gp
re_frame$interceptor$invoke_interceptors:Jp
re_frame$interop$add_on_dispose_BANG_:np
re_frame$interop$deref_QMARK_:mp
re_frame$interop$empty_queue:xf
re_frame$interop$reagent_id:pp
re_frame$interop$set_timeout_BANG_:op
re_frame$loggers$console:sp
re_frame$loggers$console$cljs$0core$0IFn$0_invoke$0arity$0variadic:tp
re_frame$loggers$loggers:rp
re_frame$registrar$clear_handlers:zp
re_frame$registrar$get_handler$cljs$0core$0IFn$0_invoke$0arity$02:xp
re_frame$registrar$kind__GT_id__GT_handler:wp
re_frame$registrar$register_handler:yp
re_frame$router$dispatch:Z
re_frame$router$dispatch_sync:aq
re_frame$router$event_queue:$p
re_frame$router$later_fns:Tp
re_frame$std_interceptors$db_handler__GT_interceptor:oq
re_frame$std_interceptors$fx_handler__GT_interceptor:pq
re_frame$subs$cache_and_return:Op
re_frame$subs$cache_lookup$cljs$0core$0IFn$0_invoke$0arity$02:Pp
re_frame$subs$clear_subscription_cache_BANG_:Np
re_frame$subs$deref_input_signals:Rp
re_frame$subs$map_vals:Qp
re_frame$subs$query__GT_reaction:Mp
re_frame$subs$reg_sub:X
re_frame$subs$reg_sub$cljs$0core$0IFn$0_invoke$0arity$0variadic:Sp
re_frame$subs$subscribe:V
re_frame$trace:Ap
re_frame$trace$next_delivery:Cp
re_frame$trace$traces:Bp
re_frame$utils$dissoc_in:up
re_frame$utils$first_in_vector:vp
re_pressed$impl$__GT_clear_keys_BANG_:ir
re_pressed$impl$__GT_ns_keyword:er
re_pressed$impl$__GT_set_key_BANG_:hr
re_pressed$impl$is_key_QMARK_:fr
re_pressed$impl$modifier_keys:dr
re_pressed$impl$prevent_default_keys_BANG_:jr
re_pressed$impl$register_effects:lr
re_pressed$impl$register_events:kr
re_pressed$impl$register_subs:gr
reagent:Vm
reagent$core$after_render:Vo
reagent$debug:Wm
reagent$debug$track_console:Ym
reagent$debug$warnings:Xm
reagent$dom:Oo
reagent$dom$imported:Po
reagent$dom$re_render_component:So
reagent$dom$render$cljs$0core$0IFn$0_invoke$0arity$03:To
reagent$dom$render_comp:Ro
reagent$dom$roots:Qo
reagent$impl:Zm
reagent$impl$batching:gn
reagent$impl$batching$RenderQueue:nn
reagent$impl$batching$compare_mount_order:ln
reagent$impl$batching$fake_raf:jn
reagent$impl$batching$mount_count:hn
reagent$impl$batching$next_tick:kn
reagent$impl$batching$queue_render:pn
reagent$impl$batching$ratom_flush:mn
reagent$impl$batching$render_queue:on
reagent$impl$component:Vn
reagent$impl$component$_STAR_current_component_STAR_:Wn
reagent$impl$component$as_element:Zn
reagent$impl$component$camelify_map_keys:go
reagent$impl$component$create_class:jo
reagent$impl$component$custom_wrapper:bo
reagent$impl$component$dash_to_camel:fo
reagent$impl$component$get_wrapper:co
reagent$impl$component$map_to_js:io
reagent$impl$component$obligatory:eo
reagent$impl$component$props_argv:Xn
reagent$impl$component$rat_opts:Un
reagent$impl$component$reagent_class_QMARK_:Yn
reagent$impl$component$static_fns:ao
reagent$impl$component$wrap_funs:ho
reagent$impl$component$wrap_render:$n
reagent$impl$template:ko
reagent$impl$template$as_element:Ko
reagent$impl$template$cache_get:oo
reagent$impl$template$convert_custom_prop_value:to
reagent$impl$template$convert_prop_value:qo
reagent$impl$template$custom_kv_conv:so
reagent$impl$template$custom_prop_name_cache:ro
reagent$impl$template$expand_seq:Mo
reagent$impl$template$find_dom_node:xo
reagent$impl$template$get_key:Go
reagent$impl$template$input_component_set_value:Ao
reagent$impl$template$input_handle_change:Bo
reagent$impl$template$input_node_set_value:zo
reagent$impl$template$input_render_setup:Co
reagent$impl$template$input_spec:Fo
reagent$impl$template$key_from_vec:Ho
reagent$impl$template$kv_conv:po
reagent$impl$template$make_element:Eo
reagent$impl$template$named_QMARK_:mo
reagent$impl$template$native_element:Jo
reagent$impl$template$oset:uo
reagent$impl$template$prop_name_cache:no
reagent$impl$template$re_tag:lo
reagent$impl$template$reagent_input_class:Do
reagent$impl$template$set_id_class:vo
reagent$impl$template$stringify_class:wo
reagent$impl$template$tag_name_cache:Io
reagent$impl$template$these_inputs_have_selection_api:yo
reagent$impl$template$vec_to_elem:Lo
reagent$impl$util$_STAR_always_update_STAR_:en
reagent$impl$util$capitalize:bn
reagent$impl$util$dash_to_camel:cn
reagent$impl$util$dont_camel_case:an
reagent$impl$util$fun_name:dn
reagent$impl$util$is_client:$m
reagent$ratom:un
reagent$ratom$RAtom:In
reagent$ratom$RCursor:Nn
reagent$ratom$Reaction:Rn
reagent$ratom$Track:Mn
reagent$ratom$_STAR_ratom_context_STAR_:vn
reagent$ratom$_running:yn
reagent$ratom$add_on_dispose_BANG_:Pn
reagent$ratom$add_w:Cn
reagent$ratom$atom:Jn
reagent$ratom$cached_reaction:Kn
reagent$ratom$check_watches:Bn
reagent$ratom$debug:wn
reagent$ratom$deref_capture:zn
reagent$ratom$dispose_BANG_:On
reagent$ratom$flush_BANG_:Hn
reagent$ratom$generation:xn
reagent$ratom$handle_reaction_change:Qn
reagent$ratom$make_reaction:Ln
reagent$ratom$notify_deref_watcher_BANG_:An
reagent$ratom$notify_w:En
reagent$ratom$pr_atom:Fn
reagent$ratom$rea_queue:Gn
reagent$ratom$remove_w:Dn
reagent$ratom$run_in_reaction:Tn
reagent$ratom$temp_reaction:Sn
shadow$js$files:Mm
shadow$js$jsRequire:Pm
shadow$js$nativeRequires:Nm
shadow$js$requireStack:Om
subCount$jscomp$inline_1481:zq
subIdx$jscomp$inline_1482:Aq
userAgent$jscomp$inline_152:Ja
v1Comp$jscomp$inline_1485:Dq
v1Sub$jscomp$inline_1483:Bq
v1Subs$jscomp$inline_1479:xq
v2Comp$jscomp$inline_1486:Eq
v2Sub$jscomp$inline_1484:Cq
v2Subs$jscomp$inline_1480:yq
version$jscomp$inline_780:ep
