__extmap:D
__hash:G
__iterator__:he
__meta:I
_hash:Qc
_meta:Lb
_next:mb
_rest:je
_seq:dd
add_BANG_:Mb
add_left:bf
add_right:cf
afn:M
afterRender:Ld
arr:A
ascending_QMARK_:Hc
auto_run:$b
balance_left:df
balance_right:ef
base_count:ff
beforeFlush:Md
bindings:Nd
bindings_fn:Nb
bitmap:oa
blacken:jc
blockable:gf
buf:ga
buf_len:ke
buf_pos:Rb
buffer_:xc
cached_hierarchy:Ic
callOnce:le
capped:ed
caught:me
cause:Od
cb:hf
chunk_next:kc
ci:Pd
cljs$core$APersistentVector$:ne
cljs$core$Fn$:jf
cljs$core$IAssociative$:kf
cljs$core$IAssociative$_assoc$arity$3:ja
cljs$core$IAssociative$_contains_key_QMARK_$arity$2:ib
cljs$core$IChunk$_drop_first$arity$1:oe
cljs$core$IChunkedNext$:eh
cljs$core$IChunkedNext$_chunked_next$arity$1:fd
cljs$core$IChunkedSeq$:fh
cljs$core$IChunkedSeq$_chunked_first$arity$1:gd
cljs$core$IChunkedSeq$_chunked_rest$arity$1:yc
cljs$core$ICollection$:gh
cljs$core$ICollection$_conj$arity$2:da
cljs$core$IComparable$:zc
cljs$core$IComparable$_compare$arity$2:ac
cljs$core$ICounted$:fg
cljs$core$ICounted$_count$arity$1:ba
cljs$core$IDeref$:Rc
cljs$core$IDeref$_deref$arity$1:Ga
cljs$core$IEditableCollection$:gg
cljs$core$IEditableCollection$_as_transient$arity$1:Sc
cljs$core$IEmptyableCollection$:hg
cljs$core$IEmptyableCollection$_empty$arity$1:ma
cljs$core$IEncodeClojure$:hh
cljs$core$IEncodeClojure$_js__GT_clj$arity$2:ig
cljs$core$IEncodeJS$:jg
cljs$core$IEncodeJS$_clj__GT_js$arity$1:kg
cljs$core$IEquiv$_equiv$arity$2:Y
cljs$core$IFind$:Ac
cljs$core$IFind$_find$arity$2:lc
cljs$core$IFn$:ih
cljs$core$IFn$_invoke$arity$0:u
cljs$core$IFn$_invoke$arity$1:g
cljs$core$IFn$_invoke$arity$10:sa
cljs$core$IFn$_invoke$arity$11:ta
cljs$core$IFn$_invoke$arity$12:ua
cljs$core$IFn$_invoke$arity$13:va
cljs$core$IFn$_invoke$arity$14:wa
cljs$core$IFn$_invoke$arity$15:xa
cljs$core$IFn$_invoke$arity$16:ya
cljs$core$IFn$_invoke$arity$17:za
cljs$core$IFn$_invoke$arity$18:Aa
cljs$core$IFn$_invoke$arity$19:Ba
cljs$core$IFn$_invoke$arity$2:h
cljs$core$IFn$_invoke$arity$20:cb
cljs$core$IFn$_invoke$arity$21:mc
cljs$core$IFn$_invoke$arity$22:pe
cljs$core$IFn$_invoke$arity$3:j
cljs$core$IFn$_invoke$arity$4:C
cljs$core$IFn$_invoke$arity$5:J
cljs$core$IFn$_invoke$arity$6:ha
cljs$core$IFn$_invoke$arity$7:Ca
cljs$core$IFn$_invoke$arity$8:qa
cljs$core$IFn$_invoke$arity$9:Da
cljs$core$IFn$_invoke$arity$variadic:l
cljs$core$IHash$:jh
cljs$core$IHash$_hash$arity$1:Z
cljs$core$IIndexed$:lf
cljs$core$IIndexed$_nth$arity$2:W
cljs$core$IIndexed$_nth$arity$3:ab
cljs$core$IIterable$:kh
cljs$core$IIterable$_iterator$arity$1:Ia
cljs$core$IKVReduce$:lh
cljs$core$IKVReduce$_kv_reduce$arity$3:nb
cljs$core$IList$:mh
cljs$core$ILookup$:lg
cljs$core$ILookup$_lookup$arity$2:la
cljs$core$ILookup$_lookup$arity$3:N
cljs$core$IMap$:mf
cljs$core$IMap$_dissoc$arity$2:xb
cljs$core$IMapEntry$:nh
cljs$core$IMapEntry$_key$arity$1:qe
cljs$core$IMapEntry$_val$arity$1:re
cljs$core$IMeta$:se
cljs$core$IMeta$_meta$arity$1:P
cljs$core$IMultiFn$_add_method$arity$3:Ea
cljs$core$IMultiFn$_get_method$arity$2:gb
cljs$core$IMultiFn$_methods$arity$1:nf
cljs$core$IMultiFn$_prefer_method$arity$3:pf
cljs$core$IMultiFn$_prefers$arity$1:qf
cljs$core$IMultiFn$_remove_method$arity$2:rf
cljs$core$IMultiFn$_reset$arity$1:sf
cljs$core$INamed$:te
cljs$core$INamed$_name$arity$1:hd
cljs$core$INamed$_namespace$arity$1:jd
cljs$core$INext$:kd
cljs$core$INext$_next$arity$1:Ha
cljs$core$IPending$:oh
cljs$core$IPending$_realized_QMARK_$arity$1:Tc
cljs$core$IPrintWithWriter$:ia
cljs$core$IPrintWithWriter$_pr_writer$arity$3:R
cljs$core$IRecord$:ph
cljs$core$IReduce$:mg
cljs$core$IReduce$_reduce$arity$2:Ja
cljs$core$IReduce$_reduce$arity$3:Ka
cljs$core$IReset$:qh
cljs$core$IReset$_reset_BANG_$arity$2:yb
cljs$core$IReversible$:rh
cljs$core$IReversible$_rseq$arity$1:nc
cljs$core$ISeq$:X
cljs$core$ISeq$_first$arity$1:Fa
cljs$core$ISeq$_rest$arity$1:La
cljs$core$ISeqable$:tf
cljs$core$ISeqable$_seq$arity$1:$
cljs$core$ISequential$:ue
cljs$core$ISet$:ng
cljs$core$ISet$_disjoin$arity$2:ve
cljs$core$ISorted$:sh
cljs$core$ISorted$_comparator$arity$1:we
cljs$core$ISorted$_entry_key$arity$2:xe
cljs$core$ISorted$_sorted_seq$arity$2:ye
cljs$core$ISorted$_sorted_seq_from$arity$3:ze
cljs$core$IStack$_peek$arity$1:oc
cljs$core$IStack$_pop$arity$1:pc
cljs$core$ISwap$:th
cljs$core$ISwap$_swap_BANG_$arity$2:Qd
cljs$core$ISwap$_swap_BANG_$arity$3:Rd
cljs$core$ISwap$_swap_BANG_$arity$4:Sd
cljs$core$ISwap$_swap_BANG_$arity$5:Td
cljs$core$ITransientAssociative$_assoc_BANG_$arity$3:Uc
cljs$core$ITransientCollection$_conj_BANG_$arity$2:Vc
cljs$core$ITransientCollection$_persistent_BANG_$arity$1:ld
cljs$core$ITransientMap$_dissoc_BANG_$arity$2:Ae
cljs$core$IUUID$:og
cljs$core$IVector$:uh
cljs$core$IVector$_assoc_n$arity$3:Sb
cljs$core$IVolatile$_vreset_BANG_$arity$2:bc
cljs$core$IWatchable$_add_watch$arity$3:md
cljs$core$IWatchable$_notify_watches$arity$3:Ud
cljs$core$IWatchable$_remove_watch$arity$2:nd
cljs$core$IWithMeta$:Be
cljs$core$IWithMeta$_with_meta$arity$2:V
cljs$core$IWriter$_flush$arity$1:cc
cljs$core$IWriter$_write$arity$2:Bc
cljs$core$Inst$:pg
cljs$core$async$impl$protocols$Buffer$add_BANG__STAR_$arity$2:uf
cljs$core$async$impl$protocols$Channel$close_BANG_$arity$1:od
cljs$core$async$impl$protocols$Handler$active_QMARK_$arity$1:vf
cljs$core$async$impl$protocols$Handler$blockable_QMARK_$arity$1:Ce
cljs$core$async$impl$protocols$Handler$commit$arity$1:wf
cljs$core$async$impl$protocols$WritePort$put_BANG_$arity$3:De
cljs$lang$applyTo:v
cljs$lang$ctorPrWriter:Ob
cljs$lang$ctorStr:Cb
cljs$lang$maxFixedArity:s
cljs$lang$protocol_mask$partition$:pd
cljs$lang$protocol_mask$partition0$:B
cljs$lang$protocol_mask$partition1$:K
cljs$lang$test:o
cljs$lang$type:Gb
cljs$pprint$IPrettyFlush$_ppflush$arity$1:Ee
cljs$tools$reader$reader_types$IPushbackReader$unread$arity$2:Cc
cljs$tools$reader$reader_types$IndexingReader$:xf
cljs$tools$reader$reader_types$IndexingReader$get_column_number$arity$1:Wc
cljs$tools$reader$reader_types$IndexingReader$get_file_name$arity$1:yf
cljs$tools$reader$reader_types$IndexingReader$get_line_number$arity$1:Xc
cljs$tools$reader$reader_types$Reader$peek_char$arity$1:Db
cljs$tools$reader$reader_types$Reader$read_char$arity$1:fa
cljsDOMValue:Vd
cljsInputDirty:zf
cljsInputLive:Fe
cljsLegacyRender:qg
cljsMountOrder:Ge
cljsRenderedValue:rg
cljsState:sg
clojure$data$Diff$diff_similar$arity$2:tg
clojure$data$EqualityPartition$equality_partition$arity$1:ug
cnt:H
col_key:Ma
collision_hash:qc
commentCount_:Af
comp:zb
completed:He
componentQueue:Wd
count_:Dc
createObject:Ie
createObjectFn_:Je
custom:vg
default_dispatch_val:wg
dirty_QMARK_:Ec
dirty_puts:Xd
dirty_takes:Yd
dispatch_fn:O
dispose:Bf
disposeInternal:Ke
disposeObjectFn_:Cf
disposed_:Zd
done_nl:qb
edit:ra
editable_QMARK_:Jc
end_col_key:Na
end_location:Oa
end_pos:S
end_row_key:Pa
ensure_editable:rc
eventPool_:Le
eventTargetListeners_:Df
eventTime:Ef
eventType:Me
event_:qd
events_:rd
ext_map_iter:Ff
file_name:$d
fixed_arity:Hb
fn:pa
fn_to_element:Gf
forceChunk:sd
fqn:ea
freeQueue_:td
front:Ab
fseq:Yc
fsm_state:ae
getSetImmediateEmulator_:xg
handler:sc
hasNext:na
has_nil_QMARK_:jb
hash_map:tc
hierarchy:Zc
idPool_:Hf
indent:ob
inode_assoc:Tb
inode_assoc_BANG_:Ub
inode_find:ud
inode_lookup:Fc
inode_seq:vd
inode_without:wd
inode_without_BANG_:xd
inputEl:Ne
intra_block_nl:rb
isEmpty:Kc
iters:Oe
keys_:Bb
kv_reduce:Lc
last_was_whitespace_QMARK_:yd
lb:yg
line_start_QMARK_:Vb
location_QMARK_:Qa
logical_block:aa
logical_block_callback:sb
map_:dc
maxCount_:If
max_columns:Pe
mecca$max_or_throw$MaxOrThrow$max_or_throw$arity$2:$c
meta18770:zg
meta21394:Ag
meta38570:Bg
meta40033:Cg
meta40159:Dg
meta40683:Eg
meta41479:Fg
meta42700:Gg
meta42736:Hg
meta42957:Ig
meta42986:Jg
method_cache:Mc
method_table:uc
meths:Jf
miser_width:Kg
more:Wb
mseq:ka
multi:Lg
nextId_:Mg
next_entry:zd
next_iter:Xb
nil_val:lb
nocache_QMARK_:Kf
ns:tb
onDisposeCallbacks_:ad
on_dispose:Lf
on_dispose_arr:Mf
on_set:Ng
opts:Og
outstandingEvents_:Ad
parse_fn:be
per_line_prefix:ub
post_event_callback_fns:Pg
postprocess:Ra
prefer_table:Bd
prev:ec
prev_column:Cd
prev_seed:Qe
propagationStopped_:Re
protocols:Qg
puts:vc
ratom:eb
rdr:Pb
reaction:Dd
read_eval:Sa
reagReactionCache:Se
reagent$impl$protocols$Compiler$as_element$arity$2:Nf
reagent$impl$protocols$Compiler$get_id$arity$1:Rg
reagent$impl$protocols$Compiler$make_element$arity$5:Of
reagent$impl$protocols$Compiler$parse_tag$arity$3:Pf
reagent$ratom$IDisposable$add_on_dispose_BANG_$arity$2:Qf
reagent$ratom$IDisposable$dispose_BANG_$arity$1:Te
reagent$ratom$IReactiveAtom$:ce
reagentInput:Sg
reagentRefFn:Rf
reagentRender:Gc
rear:Eb
record:Tg
redden:Ed
regex:Ta
relative_to:Ib
removed:Fd
riter:Gd
root_iter:Sf
row:fc
row_key:Ua
s:ca
s_len:Tf
s_pos:bd
sb:Ug
scheduled_QMARK_:de
sci:Va
sci$impl$types$IBox$getVal$arity$1:wc
sci$impl$types$IBox$setVal$arity$2:Ue
sci$impl$types$IReified$getMethods$arity$1:Vg
sci$impl$types$Info$info$arity$1:Wg
sci$impl$types$Sexpr$sexpr$arity$1:Xg
sci$impl$types$Stack$stack$arity$1:Yg
sci$impl$vars$HasName$getName$arity$1:m
sci$impl$vars$IVar$bindRoot$arity$2:Uf
sci$impl$vars$IVar$getRawRoot$arity$1:Zg
sci$impl$vars$IVar$hasRoot$arity$1:Vf
sci$impl$vars$IVar$isMacro$arity$1:Wf
sci$impl$vars$IVar$setThreadBound$arity$2:Xf
sci$impl$vars$IVar$unbind$arity$1:Hd
section:vb
seed:Id
seen:Ve
seq:hc
setImmediate_:Yf
sourceIter:We
source_key:Wa
splicing_QMARK_:ic
startTime_:Zf
start_col:pb
start_pos:T
statPool_:$f
stats_:Jd
stopTime:vh
suffix:wb
superClass_:Xe
sym:Yb
syntax_quote:Xa
takes:cd
the_var:hb
thread_bound:ag
totalVarAlloc:$g
traceCallbacks_:Ye
tracerCount_:bg
tracerOverheadComment_:cg
tracerOverheadEnd_:dg
tracerOverheadStart_:eg
trailing_white_space:Qb
transient_map:Nc
tree_map:Jb
typeCount_:ee
type_tag:U
unicode:wh
unquote:Ya
unquote_splicing:Za
useSetImmediate_:ah
uuid:Oc
v:bb
val:F
validator:Ze
vals:fe
var:bh
var$:fb
varAlloc:$e
var_arg_name:Kb
vec:Fb
version_:Kd
wasCancelled:xh
watches:kb
watchesArr:af
watching:Pc
wrapCallback_:dh
writer:$a
xf:Zb
xform:ge
