SAFE_HTML_TYPE_MARKER_GOOG_HTML_SECURITY_PRIVATE_:Nc
STRING_CONST_TYPE_MARKER__GOOG_STRING_SECURITY_PRIVATE_:Oc
TRUSTED_RESOURCE_URL_TYPE_MARKER_GOOG_HTML_SECURITY_PRIVATE_:Pc
__hash:o
_hash:lb
_meta:za
_next:Ma
_seq:ub
add_BANG_:ra
afn:m
args:vb
arr:f
auto_run:Aa
bitmap:T
blockable:tc
buf:F
buffer_:Na
callOnce:dc
caught:ec
cause:uc
cb:vc
chunk:na
chunk_next:Pb
ci:Qb
cljs$core$APersistentVector$:fc
cljs$core$Fn$:Qc
cljs$core$IAssociative$:td
cljs$core$IAssociative$_assoc$arity$3:Da
cljs$core$IChunk$_drop_first$arity$1:gc
cljs$core$IChunkedNext$_chunked_next$arity$1:hc
cljs$core$IChunkedSeq$:ud
cljs$core$IChunkedSeq$_chunked_first$arity$1:Rb
cljs$core$IChunkedSeq$_chunked_rest$arity$1:mb
cljs$core$ICollection$:vd
cljs$core$ICollection$_conj$arity$2:X
cljs$core$ICounted$:Rc
cljs$core$ICounted$_count$arity$1:M
cljs$core$IDeref$:wc
cljs$core$IDeref$_deref$arity$1:Ba
cljs$core$IEditableCollection$:Sc
cljs$core$IEditableCollection$_as_transient$arity$1:nb
cljs$core$IEmptyableCollection$:Tc
cljs$core$IEmptyableCollection$_empty$arity$1:U
cljs$core$IEncodeJS$:Uc
cljs$core$IEncodeJS$_clj__GT_js$arity$1:Vc
cljs$core$IEquiv$_equiv$arity$2:G
cljs$core$IFind$_find$arity$2:ob
cljs$core$IFn$:wd
cljs$core$IFn$_invoke$arity$0:j
cljs$core$IFn$_invoke$arity$1:a
cljs$core$IFn$_invoke$arity$10:Oa
cljs$core$IFn$_invoke$arity$11:Pa
cljs$core$IFn$_invoke$arity$12:Qa
cljs$core$IFn$_invoke$arity$13:Ra
cljs$core$IFn$_invoke$arity$14:Sa
cljs$core$IFn$_invoke$arity$15:Ta
cljs$core$IFn$_invoke$arity$16:Ua
cljs$core$IFn$_invoke$arity$17:Va
cljs$core$IFn$_invoke$arity$18:Wa
cljs$core$IFn$_invoke$arity$19:Xa
cljs$core$IFn$_invoke$arity$2:b
cljs$core$IFn$_invoke$arity$20:Ya
cljs$core$IFn$_invoke$arity$22:Wc
cljs$core$IFn$_invoke$arity$3:c
cljs$core$IFn$_invoke$arity$4:u
cljs$core$IFn$_invoke$arity$5:H
cljs$core$IFn$_invoke$arity$6:sa
cljs$core$IFn$_invoke$arity$7:Za
cljs$core$IFn$_invoke$arity$8:$a
cljs$core$IFn$_invoke$arity$9:ab
cljs$core$IFn$_invoke$arity$variadic:h
cljs$core$IHash$:xd
cljs$core$IHash$_hash$arity$1:J
cljs$core$IIndexed$:xc
cljs$core$IIndexed$_nth$arity$2:C
cljs$core$IIndexed$_nth$arity$3:ia
cljs$core$IIterable$:yd
cljs$core$IIterable$_iterator$arity$1:oa
cljs$core$IKVReduce$:zd
cljs$core$IKVReduce$_kv_reduce$arity$3:wb
cljs$core$IList$:Ad
cljs$core$ILookup$:Xc
cljs$core$ILookup$_lookup$arity$2:ka
cljs$core$ILookup$_lookup$arity$3:O
cljs$core$IMap$:Yc
cljs$core$IMap$_dissoc$arity$2:ic
cljs$core$IMapEntry$:Bd
cljs$core$IMapEntry$_key$arity$1:Zc
cljs$core$IMapEntry$_val$arity$1:$c
cljs$core$IMeta$:ad
cljs$core$IMeta$_meta$arity$1:K
cljs$core$INamed$:yc
cljs$core$INext$:xb
cljs$core$INext$_next$arity$1:aa
cljs$core$IPrintWithWriter$:V
cljs$core$IPrintWithWriter$_pr_writer$arity$3:I
cljs$core$IRecord$:Cd
cljs$core$IReduce$:bd
cljs$core$IReduce$_reduce$arity$2:ca
cljs$core$IReduce$_reduce$arity$3:da
cljs$core$IReset$_reset_BANG_$arity$2:la
cljs$core$IReversible$:Dd
cljs$core$IReversible$_rseq$arity$1:yb
cljs$core$ISeq$:R
cljs$core$ISeq$_first$arity$1:ba
cljs$core$ISeq$_rest$arity$1:ea
cljs$core$ISeqable$:cd
cljs$core$ISeqable$_seq$arity$1:S
cljs$core$ISequential$:jc
cljs$core$ISet$:dd
cljs$core$ISet$_disjoin$arity$2:zc
cljs$core$IStack$_peek$arity$1:bb
cljs$core$IStack$_pop$arity$1:cb
cljs$core$ISwap$_swap_BANG_$arity$2:Sb
cljs$core$ISwap$_swap_BANG_$arity$3:Tb
cljs$core$ISwap$_swap_BANG_$arity$4:Ub
cljs$core$ISwap$_swap_BANG_$arity$5:Vb
cljs$core$ITransientAssociative$_assoc_BANG_$arity$3:pb
cljs$core$ITransientCollection$_conj_BANG_$arity$2:qb
cljs$core$ITransientCollection$_persistent_BANG_$arity$1:zb
cljs$core$IVector$:Ed
cljs$core$IVector$_assoc_n$arity$3:eb
cljs$core$IWatchable$_add_watch$arity$3:Ab
cljs$core$IWatchable$_notify_watches$arity$3:Wb
cljs$core$IWatchable$_remove_watch$arity$2:Bb
cljs$core$IWithMeta$_with_meta$arity$2:N
cljs$core$IWriter$_write$arity$2:Ac
cljs$core$async$impl$protocols$Buffer$add_BANG__STAR_$arity$2:Bc
cljs$core$async$impl$protocols$Channel$close_BANG_$arity$1:Cb
cljs$core$async$impl$protocols$Handler$active_QMARK_$arity$1:Cc
cljs$core$async$impl$protocols$Handler$blockable_QMARK_$arity$1:kc
cljs$core$async$impl$protocols$Handler$commit$arity$1:Dc
cljs$core$async$impl$protocols$WritePort$put_BANG_$arity$3:lc
cljs$lang$applyTo:v
cljs$lang$ctorPrWriter:Xb
cljs$lang$ctorStr:fb
cljs$lang$maxFixedArity:s
cljs$lang$protocol_mask$partition$:Ec
cljs$lang$protocol_mask$partition0$:g
cljs$lang$protocol_mask$partition1$:w
cljs$lang$type:Db
clojure$data$Diff$diff_similar$arity$2:ed
clojure$data$EqualityPartition$equality_partition$arity$1:fd
cnt:i
collision_hash:Ea
dirty_QMARK_:Ka
dirty_puts:Yb
dirty_takes:Zb
edit:P
editable_QMARK_:rb
ensure_editable:gb
event_:Eb
f:W
fn:Fb
fqn:ta
front:ma
fseq:sb
fsm_state:$b
getBasis:mc
getSetImmediateEmulator_:gd
handler:Fa
hasNext:Z
has_nil_QMARK_:ja
hash_map:Ga
i:l
initSecurityPrivateDoNotAccessOrElse_:Ha
inode_assoc:ua
inode_assoc_BANG_:va
inode_find:Gb
inode_lookup:hb
inode_seq:Hb
inode_without:Ib
iter:nc
kv_reduce:Jb
len:ib
listen:Fd
listenOnce:Gd
listeners:Ca
meta11106:hd
meta12467:jd
meta12581:kd
meta6646:ld
more:wa
mseq:D
next_entry:Kb
next_iter:xa
nil_val:ha
nocache_QMARK_:Fc
nodes:ya
ns:Lb
off:ga
on_dispose:Gc
on_dispose_arr:Hc
on_set:md
post_event_callback_fns:nd
privateDoNotAccessOrElseSafeHtmlWrappedValue_:Ic
privateDoNotAccessOrElseTrustedResourceUrlWrappedValue_:od
propagationStopped_:oc
puts:Ia
ratom:Y
reaction:Mb
reagent$ratom$IDisposable$add_on_dispose_BANG_$arity$2:Jc
reagent$ratom$IDisposable$dispose_BANG_$arity$1:pc
reagent$ratom$IReactiveAtom$:ac
rear:pa
removed:Nb
rest:Ja
riter:Ob
root_iter:Kc
s:B
sb:pd
scheduled_QMARK_:bc
seen:qc
setImmediate_:Lc
str:La
stringConstValueWithSecurityContract__googStringSecurityPrivate_:qd
superClass_:Mc
takes:tb
transient_map:jb
typeCount_:cc
unicode:Hd
unlistenByKey:Id
useSetImmediate_:rd
v:$
val:A
validator:rc
vec:qa
watches:fa
watchesArr:sc
watching:kb
wrapCallback_:sd
